---
source: crates/ruff_linter/src/rules/isort/mod.rs
---
insert_empty_lines.py:1:1: I001 [*] Import block is un-sorted or un-formatted
   |
 1 | / import a
 2 | | import b
 3 | | x = 1
 4 | | import os
 5 | | import sys
 6 | | def f():
 7 | |     pass
 8 | | if True:
 9 | |     x = 1
10 | |     import collections
11 | |     import typing
12 | | class X: pass
13 | | y = 1
14 | | import os
15 | | import sys
16 | | """Docstring"""
17 | |
18 | | if True:
19 | |     import os
20 | |
21 | |
22 | | def f():
23 | |     pass
24 | |
25 | |
26 | | if True:
27 | |     import os
28 | | def f():
29 | |     pass
30 | |
31 | | if True:
32 | |     x = 1
33 | |     import collections
34 | |     import typing
35 | |     class X: pass
36 | |
37 | | if True:
38 | |     x = 1
39 | |     import collections
40 | |     import typing
41 | |     def f(): pass
42 | |
43 | |
44 | | import os
45 | |
46 | | # Comment goes here.
47 | |
48 | | def f():
49 | |     pass
50 | |
51 | |
52 | | import os
53 | |
54 | | # Comment goes here.
55 | | def f():
56 | |     pass
57 | |
58 | |
59 | | import os
   | |_________^ I001
60 |
61 |   # Comment goes here.
   |
   = help: Organize imports

â„¹ Safe fix
1     |-import a
2     |-import b
3     |-x = 1
4     |-import os
5     |-import sys
6     |-def f():
7     |-    pass
8     |-if True:
9     |-    x = 1
10    |-    import collections
11    |-    import typing
12    |-class X: pass
13    |-y = 1
   1  |+# Comment goes here.
   2  |+# Comment goes here.
14 3  | import os
15 4  | import sys
16    |-"""Docstring"""
17    |-
18    |-if True:
19    |-    import os
20    |-
21    |-
22    |-def f():
23    |-    pass
24 5  | 
25    |-
26    |-if True:
27    |-    import os
28    |-def f():
29    |-    pass
30    |-
31    |-if True:
32    |-    x = 1
33    |-    import collections
34    |-    import typing
35    |-    class X: pass
36    |-
37    |-if True:
38    |-    x = 1
39    |-    import collections
40    |-    import typing
41    |-    def f(): pass
42    |-
43    |-
44    |-import os
45    |-
46    |-# Comment goes here.
47    |-
48    |-def f():
49    |-    pass
50    |-
51    |-
52    |-import os
53    |-
54    |-# Comment goes here.
55    |-def f():
56    |-    pass
57    |-
58    |-
59    |-import os
   6  |+import a
   7  |+import b
60 8  | 
61 9  | # Comment goes here.
62 10 |
